// Bun Snapshot v1, https://bun.sh/docs/test/snapshots

exports[`fixtures broken 1`] = `
"src/annotated_base.gd:1  critical  script-load-failed  Script fails to compile (see the parse error above); 1 dependent script(s) fail because of it
src/broken_base.gd:1  critical  script-load-failed  Script fails to compile (see the parse error above); 4 dependent script(s) fail because of it
src/ghost_child.gd:1  critical  script-load-failed  Script fails to compile (see the parse error above)
src/own_line.gd:1  critical  script-load-failed  Script fails to compile (see the parse error above); 1 dependent script(s) fail because of it"
`;

exports[`fixtures declarations 1`] = `
"src/probe.gd:14  info  naming-signal  Signal 'plain_bad_Signal' should be snake_case
src/probe.gd:15  info  naming-signal  Signal 'annotated_bad_Signal' should be snake_case
src/probe.gd:17  info  missing-type-hint  Variable 'plain_untyped' has no type annotation
src/probe.gd:18  info  missing-type-hint  Variable 'exported_untyped' has no type annotation
src/probe.gd:19  info  missing-type-hint  Variable 'ranged_untyped' has no type annotation
src/probe.gd:20  info  missing-type-hint  Variable 'pathy_untyped' has no type annotation
src/probe.gd:21  info  missing-type-hint  Variable 'static_untyped' has no type annotation
src/probe.gd:27  info  naming-const  Constant 'plain_bad_Const' should be SCREAMING_SNAKE_CASE or PascalCase
src/probe.gd:28  info  naming-const  Constant 'annotated_bad_Const' should be SCREAMING_SNAKE_CASE or PascalCase
src/probe.gd:30  info  naming-enum  Enum 'plain_bad_Enum' should be PascalCase
src/probe.gd:33  warning  too-many-params  Function 'plain_many' has 6 parameters (max 4)
src/probe.gd:37  warning  too-many-params  Function 'annotated_many' has 6 parameters (max 4)
src/probe.gd:41  warning  too-many-params  Function 'static_many' has 6 parameters (max 4)
src/probe.gd:45  warning  too-many-params  Function 'both_many' has 6 parameters (max 4)
src/probe.gd:49  info  unused-parameter  Parameter 'never_a' is declared but never used
src/probe.gd:53  info  unused-parameter  Parameter 'never_b' is declared but never used"
`;

exports[`fixtures directives 1`] = `
"src/child_violating.gd:1  critical  sealed-violation  Cannot extend 'SealedBase' - class is marked as #@Sealed (defined in res://src/base.gd)
src/strict.gd:1  critical  strict-limit  File exceeds strict limit (47/12)
src/strict.gd:26  critical  strict-limit  Function 'over_the_strict_limit' exceeds strict limit (14/3)
src/strict.gd:40  critical  strict-limit  Function 'under_global_over_strict' exceeds strict limit (5/2)"
`;

exports[`fixtures exports 1`] = `
"src/node_exports.gd:11  critical  unguarded-export  Export 'unguarded' is never null-guarded; add assert(unguarded != null, "...") or declare it optional with '= null'
src/node_exports.gd:18  critical  unguarded-export  Export 'guarded_too_late' is never null-guarded; add assert(guarded_too_late != null, "...") or declare it optional with '= null'
src/node_exports.gd:19  critical  unguarded-export  Export 'mentioned_not_tested' is never null-guarded; add assert(mentioned_not_tested != null, "...") or declare it optional with '= null'
src/resource_exports.gd:11  critical  unguarded-export  Export 'never_guarded' is never null-guarded; add assert(never_guarded != null, "...") or declare it optional with '= null'"
`;

exports[`fixtures ignores 1`] = `
"src/probe.gd:21  warning  print-statement  Debug print statement: print("reported: no directive covers this")
src/probe.gd:30  warning  print-statement  Debug print statement: print("reported: no directive covers this either")
src/probe.gd:39  warning  print-statement  Debug print statement: print("reported: nothing closes a range but the next plain f"
`;

exports[`fixtures limits 1`] = `
"src/complex.gd:1  warning  file-length  File exceeds 20 lines (22)
src/complex.gd:12  warning  high-complexity  Function 'branchy' has complexity 5 (warning at 3)
src/complex.gd:12  warning  long-function  Function 'branchy' exceeds 6 lines (11)
src/god.gd:1  warning  file-length  File exceeds 20 lines (24)
src/god.gd:1  warning  god-class-functions  God class: 4 public functions (max 3)
src/god.gd:1  warning  god-class-signals  God class: 3 signals (max 2)
src/sizes.gd:1  critical  file-length  File exceeds 26 lines (31)
src/sizes.gd:16  warning  long-function  Function 'too_long' exceeds 6 lines (10)
src/sizes.gd:26  warning  deep-nesting  Function 'nested_too_deep' has 3 nesting levels (max 2)
src/sizes.gd:26  warning  high-complexity  Function 'nested_too_deep' has complexity 4 (warning at 3)"
`;

exports[`fixtures magic 1`] = `
"src/probe.gd:44  info  magic-number  Magic number 37 (consider using a named constant)
src/probe.gd:49  info  magic-number  Magic number 99 (consider using a named constant)"
`;

exports[`fixtures members 1`] = `
"src/probe.gd:21  warning  unknown-member  'settings' is declared as Resource, but 3 members are read from it that Resource does not have (brightness, difficulty, volume). FoldSettings has all of them: narrow the declaration to it, or cast at the use sites.
src/probe.gd:33  critical  unknown-member  'clock_labl' is not a member of probe.gd (did you mean 'clock'?)
src/probe.gd:37  critical  unknown-member  'txt' is not a member of Label
src/probe.gd:38  critical  unknown-member  'tex' is not a member of Label (did you mean 'text'?)
src/probe.gd:42  critical  wrong-argument-count  Signal 'panel_ready' emitted with 0 argument(s), expected 1
src/probe.gd:43  critical  method-not-called  'helper' is a method used as a condition without being called; the reference is always true (did you mean 'helper()'?)"
`;

exports[`fixtures signatures 1`] = `
"src/probe.gd:24  info  missing-return-type  Function 'untyped_flat' has no return type annotation
src/probe.gd:28  info  missing-return-type  Function 'untyped_wrapped' has no return type annotation
src/probe.gd:34  warning  too-many-params  Function 'many_flat' has 6 parameters (max 4)
src/probe.gd:38  warning  too-many-params  Function 'many_wrapped' has 6 parameters (max 4)
src/probe.gd:49  info  unused-parameter  Parameter 'never_flat' is declared but never used
src/probe.gd:53  info  unused-parameter  Parameter 'never_wrapped' is declared but never used"
`;

exports[`fixtures style 1`] = `
"src/ascii.gd:10  warning  ascii-violation  Non-ASCII character found: U+2192
src/ascii.gd:14  warning  ascii-violation  Non-ASCII character found: U+201C
src/bodies.gd:7  info  empty-function  Function 'empty_stub' is empty or contains only 'pass'
src/bodies.gd:13  warning  unused-variable  Variable 'never_read' is declared but never used
src/naming.gd:1  warning  naming-class  Class name 'badly_Named_Class' should be PascalCase
src/naming.gd:10  info  naming-function  Function 'BadlyNamedFunction' should be snake_case
src/text.gd:6  info  todo-comment  TODO: this comment is what todo-comment looks for
src/text.gd:7  info  commented-code  Commented-out code detected
src/text.gd:8  info  commented-code  Commented-out code detected
src/text.gd:12  info  long-line  Line exceeds 120 chars (135)
src/text.gd:21  info  commented-code  Commented-out code detected"
`;

exports[`fixtures unused 1`] = `
"src/probe.gd:61  warning  unused-function  Function 'all_done' is never referenced in the project
src/probe.gd:65  warning  unused-function  Function 'never_mentioned_anywhere' is never referenced in the project
src/wired.gd:23  warning  unused-function  Function 'never_wired_at_all' is never referenced in the project"
`;
